+---+-------+--------+--------------+-----------+
| # |  DATE | AMOUNT | CLASS        | TAGS      |
+---+-------+--------+--------------+-----------+
| 0 | April |   53.6 | Food Outside | [Crucial] |
| 1 | April |   26.4 | Food Outside | [Crucial] |
| 2 | April |     30 | Food Outside | [Crucial] |
+---+-------+--------+--------------+-----------+
|   | TOTAL |    110 |              |           |
+---+-------+--------+--------------+-----------+