+---+-------+--------+--------------+-----------+
| # |  DATE | AMOUNT | CLASS        | TAGS      |
+---+-------+--------+--------------+-----------+
| 0 | April |   53.6 | Food Outside | [Crucial] |
+---+-------+--------+--------------+-----------+
|   | TOTAL |   53.6 |              |           |
+---+-------+--------+--------------+-----------+